// Jest Snapshot v1, https://goo.gl/fbAQLP

exports[`test frontend behaviors matches snapshot 1`] = `
<div
  style={
    Object {
      "alignItems": "center",
      "display": "flex",
      "height": "100vh",
      "justifyContent": "center",
      "width": "100vw",
    }
  }
>
  <button
    data-testid="colorButton"
    disabled={false}
    onClick={[Function]}
    style={
      Object {
        "backgroundColor": "MediumVioletRed",
        "border": "none",
        "color": "white",
        "padding": "10px 10px",
        "textTransform": "uppercase",
        "transition": "0.25s ease-in-out",
        "width": "25%",
      }
    }
  >
    Change to 
    Midnight Blue
  </button>
  <input
    defaultChecked={false}
    id="disable-button-checkbox"
    onChange={[Function]}
    type="checkbox"
  />
  <label
    htmlFor="disable-button-checkbox"
  >
    Disable Button
  </label>
</div>
`;
