// Jest Snapshot v1, https://goo.gl/fbAQLP

exports[`render snapshot 1`] = `
<button
  data-testid="button"
>
  SAVE
</button>
`;
